main.c:133:5:main	168	static
main.c:268:13:MX_ADC1_Init	48	static
main.c:389:13:MX_LPTIM1_Init	8	static
main.c:425:13:MX_LPTIM2_Init	8	static
main.c:461:13:MX_TIM8_Init	112	static
main.c:553:13:MX_TIM15_Init	40	static
main.c:599:13:MX_TIM16_Init	8	static
main.c:631:6:MX_USART3_UART_Init	8	static
main.c:677:13:MX_DMA_Init	16	static
main.c:695:13:MX_GPIO_Init	56	static
main.c:768:6:Netif_Config	64	static
main.c:800:6:delay_us	16	static
main.c:806:6:HAL_TIM_PWM_PulseFinishedCallback	16	static
main.c:819:6:StartDefaultTask	16	static
main.c:850:6:StartSens_Acq_Task	64	static
main.c:913:6:Start_CommandRX_Task	16	static
main.c:937:6:Start_TelemetryTX_Task	112	static
main.c:992:6:Start_ActuatorsControl_Task	16	static
main.c:1016:6:HAL_TIM_PeriodElapsedCallback	16	static
main.c:1033:6:Error_Handler	8	static,ignoring_inline_asm
