main.c:176:5:main	168	static
main.c:312:13:MX_ADC1_Init	48	static
main.c:435:13:MX_LPTIM1_Init	8	static
main.c:471:13:MX_LPTIM2_Init	8	static
main.c:507:13:MX_OPAMP2_Init	8	static
main.c:543:13:MX_TIM8_Init	112	static
main.c:635:13:MX_TIM15_Init	40	static
main.c:681:13:MX_TIM16_Init	24	static
main.c:727:6:MX_USART3_UART_Init	8	static
main.c:773:13:MX_DMA_Init	16	static
main.c:791:13:MX_GPIO_Init	56	static
main.c:885:6:Netif_Config	64	static
main.c:917:6:delay_us	16	static
main.c:923:6:HAL_TIM_PWM_PulseFinishedCallback	16	static
main.c:927:6:init_loadcells	16	static
main.c:945:6:compute_flow	24	static
main.c:980:6:HAL_TIM_IC_CaptureCallback	24	static
main.c:1022:6:StartDefaultTask	16	static
main.c:1052:6:StartSens_Acq_Task	16	static
main.c:1122:6:Start_CommandRX_Task	16	static
main.c:1152:6:Start_TelemetryTX_Task	248	static
main.c:1298:6:Start_ActuatorsControl_Task	16	static
main.c:1322:6:HAL_TIM_PeriodElapsedCallback	16	static
main.c:1339:6:Error_Handler	8	static,ignoring_inline_asm
