stm32h7xx_it.c:77:6:NMI_Handler	4	static
stm32h7xx_it.c:92:6:HardFault_Handler	4	static
stm32h7xx_it.c:107:6:MemManage_Handler	4	static
stm32h7xx_it.c:122:6:BusFault_Handler	4	static
stm32h7xx_it.c:137:6:UsageFault_Handler	4	static
stm32h7xx_it.c:152:6:DebugMon_Handler	4	static
stm32h7xx_it.c:172:6:TIM2_IRQHandler	8	static
stm32h7xx_it.c:186:6:TIM8_UP_TIM13_IRQHandler	8	static
stm32h7xx_it.c:200:6:DMA2_Stream0_IRQHandler	8	static
stm32h7xx_it.c:214:6:ETH_IRQHandler	8	static
stm32h7xx_it.c:228:6:LPTIM1_IRQHandler	8	static
stm32h7xx_it.c:242:6:TIM16_IRQHandler	8	static
stm32h7xx_it.c:256:6:LPTIM2_IRQHandler	8	static
